-----------------------------------------------------------------------------------------------------------------------------------------------------------------------
      name:  <unnamed>
       log:  D:\Stata\Rep_folder\output_logs\Table9.log
  log type:  text
 opened on:  20 Feb 2024, 01:18:19

. 
. global cov lngdp lnp max_temp min_temp windpow

. 
. * Pollution
. use "Rep_folder\data\Shandong_sample.dta", clear

. cap drop post dudt

. gen post = (ym>=201703)

. gen dudt = post * boundary

. est drop _all

. 
. reghdfe lnAQI dudt $cov if (hnhb==1|boundary==0)&policy_city==1, absorb(monitor_id ym winddir) cluster(monitor_id)
(MWFE estimator converged in 12 iterations)

HDFE Linear regression                            Number of obs   =      1,665
Absorbing 3 HDFE groups                           F(   6,     36) =      16.10
Statistics robust to heteroskedasticity           Prob > F        =     0.0000
                                                  R-squared       =     0.9291
                                                  Adj R-squared   =     0.9242
                                                  Within R-sq.    =     0.0546
Number of clusters (monitor_id) =         37      Root MSE        =     0.0820

                            (Std. err. adjusted for 37 clusters in monitor_id)
------------------------------------------------------------------------------
             |               Robust
       lnAQI | Coefficient  std. err.      t    P>|t|     [95% conf. interval]
-------------+----------------------------------------------------------------
        dudt |  -.0596829     .01857    -3.21   0.003    -.0973447   -.0220211
       lngdp |  -.0326125   .0494495    -0.66   0.514    -.1329007    .0676757
         lnp |  -.1583927   .0552292    -2.87   0.007    -.2704026   -.0463828
    max_temp |   .0445891   .0066401     6.72   0.000     .0311223    .0580559
    min_temp |  -.0107954   .0065486    -1.65   0.108    -.0240765    .0024858
     windpow |  -.0085874   .0146498    -0.59   0.561    -.0382985    .0211237
       _cons |   4.722165   .3621277    13.04   0.000     3.987736    5.456594
------------------------------------------------------------------------------

Absorbed degrees of freedom:
-----------------------------------------------------+
 Absorbed FE | Categories  - Redundant  = Num. Coefs |
-------------+---------------------------------------|
  monitor_id |        37          37           0    *|
          ym |        60           0          60     |
     winddir |         7           1           6     |
-----------------------------------------------------+
* = FE nested within cluster; treated as redundant for DoF computation

. est store hnhb_pollution

. 
. replace post = (ym>=201710)
(702 real changes made)

. replace dudt = post * boundary
(99 real changes made)

. reghdfe lnAQI dudt $cov if (js==1|boundary==0)&policy_city==0, absorb(monitor_id ym winddir) cluster(monitor_id)
(MWFE estimator converged in 13 iterations)

HDFE Linear regression                            Number of obs   =      3,279
Absorbing 3 HDFE groups                           F(   6,     67) =      20.08
Statistics robust to heteroskedasticity           Prob > F        =     0.0000
                                                  R-squared       =     0.9036
                                                  Adj R-squared   =     0.8992
                                                  Within R-sq.    =     0.0537
Number of clusters (monitor_id) =         68      Root MSE        =     0.1117

                            (Std. err. adjusted for 68 clusters in monitor_id)
------------------------------------------------------------------------------
             |               Robust
       lnAQI | Coefficient  std. err.      t    P>|t|     [95% conf. interval]
-------------+----------------------------------------------------------------
        dudt |   .0422625   .0160596     2.63   0.011     .0102075    .0743176
       lngdp |   .1453756   .0393549     3.69   0.000      .066823    .2239282
         lnp |  -.2933668   .1581294    -1.86   0.068    -.6089944    .0222608
    max_temp |   .0213293    .004774     4.47   0.000     .0118004    .0308581
    min_temp |  -.0302577   .0051485    -5.88   0.000    -.0405341   -.0199812
     windpow |  -.0629611   .0096591    -6.52   0.000    -.0822407   -.0436815
       _cons |   4.706399   .7115338     6.61   0.000     3.286171    6.126626
------------------------------------------------------------------------------

Absorbed degrees of freedom:
-----------------------------------------------------+
 Absorbed FE | Categories  - Redundant  = Num. Coefs |
-------------+---------------------------------------|
  monitor_id |        68          68           0    *|
          ym |        60           0          60     |
     winddir |        12           1          11     |
-----------------------------------------------------+
* = FE nested within cluster; treated as redundant for DoF computation

. est store js_pollution

. 
. * Enterprises
. use "Rep_folder\data\Shandong_sample.dta", clear

. cap drop post dudt

. gen post = (ym>=201703)

. gen dudt = post * boundary

. gen ln_key_regulated = ln(C26 + C28 + C29 + C32) 
(192 missing values generated)

. 
. reghdfe ln_manu_num dudt $cov if (hnhb==1|boundary==0)&(policy_city==1), absorb(monitor_id ym winddir) cluster(monitor_id)
(MWFE estimator converged in 11 iterations)

HDFE Linear regression                            Number of obs   =      1,635
Absorbing 3 HDFE groups                           F(   6,     36) =      12.07
Statistics robust to heteroskedasticity           Prob > F        =     0.0000
                                                  R-squared       =     0.9437
                                                  Adj R-squared   =     0.9397
                                                  Within R-sq.    =     0.1638
Number of clusters (monitor_id) =         37      Root MSE        =     0.1078

                            (Std. err. adjusted for 37 clusters in monitor_id)
------------------------------------------------------------------------------
             |               Robust
 ln_manu_num | Coefficient  std. err.      t    P>|t|     [95% conf. interval]
-------------+----------------------------------------------------------------
        dudt |  -.1857437   .0341152    -5.44   0.000    -.2549326   -.1165549
       lngdp |   .2954688   .0605471     4.88   0.000     .1726736     .418264
         lnp |  -.8935613   .2487893    -3.59   0.001    -1.398129   -.3889933
    max_temp |  -.0217264   .0162005    -1.34   0.188    -.0545826    .0111298
    min_temp |   .0232968   .0112692     2.07   0.046     .0004418    .0461519
     windpow |  -.0259211   .0194438    -1.33   0.191     -.065355    .0135128
       _cons |   8.672293   1.193403     7.27   0.000     6.251959    11.09263
------------------------------------------------------------------------------

Absorbed degrees of freedom:
-----------------------------------------------------+
 Absorbed FE | Categories  - Redundant  = Num. Coefs |
-------------+---------------------------------------|
  monitor_id |        37          37           0    *|
          ym |        60           0          60     |
     winddir |         7           1           6     |
-----------------------------------------------------+
* = FE nested within cluster; treated as redundant for DoF computation

. est store hnhb_manu

. reghdfe ln_supply_num dudt $cov if (hnhb==1|boundary==0)&(policy_city==1), absorb(monitor_id ym winddir) cluster(monitor_id)
(MWFE estimator converged in 11 iterations)

HDFE Linear regression                            Number of obs   =      1,635
Absorbing 3 HDFE groups                           F(   6,     36) =      45.61
Statistics robust to heteroskedasticity           Prob > F        =     0.0000
                                                  R-squared       =     0.8717
                                                  Adj R-squared   =     0.8627
                                                  Within R-sq.    =     0.3010
Number of clusters (monitor_id) =         37      Root MSE        =     0.1175

                            (Std. err. adjusted for 37 clusters in monitor_id)
------------------------------------------------------------------------------
             |               Robust
ln_supply_~m | Coefficient  std. err.      t    P>|t|     [95% conf. interval]
-------------+----------------------------------------------------------------
        dudt |    -.07086   .0618176    -1.15   0.259    -.1962319    .0545119
       lngdp |   .4464092   .0789553     5.65   0.000     .2862805    .6065379
         lnp |  -1.533171   .1697909    -9.03   0.000    -1.877523   -1.188819
    max_temp |  -.0263962     .01465    -1.80   0.080    -.0561078    .0033153
    min_temp |    .028003   .0209937     1.33   0.191    -.0145743    .0705802
     windpow |    .090086   .0223959     4.02   0.000     .0446651    .1355069
       _cons |   7.269193   .8439188     8.61   0.000     5.557647     8.98074
------------------------------------------------------------------------------

Absorbed degrees of freedom:
-----------------------------------------------------+
 Absorbed FE | Categories  - Redundant  = Num. Coefs |
-------------+---------------------------------------|
  monitor_id |        37          37           0    *|
          ym |        60           0          60     |
     winddir |         7           1           6     |
-----------------------------------------------------+
* = FE nested within cluster; treated as redundant for DoF computation

. est store hnhb_supply

. reghdfe ln_key_regulated dudt $cov if (hnhb==1|boundary==0)&(policy_city==1), absorb(monitor_id ym winddir) cluster(monitor_id)
(MWFE estimator converged in 11 iterations)

HDFE Linear regression                            Number of obs   =      1,635
Absorbing 3 HDFE groups                           F(   6,     36) =      28.48
Statistics robust to heteroskedasticity           Prob > F        =     0.0000
                                                  R-squared       =     0.9218
                                                  Adj R-squared   =     0.9163
                                                  Within R-sq.    =     0.0670
Number of clusters (monitor_id) =         37      Root MSE        =     0.1541

                            (Std. err. adjusted for 37 clusters in monitor_id)
------------------------------------------------------------------------------
             |               Robust
ln_key_reg~d | Coefficient  std. err.      t    P>|t|     [95% conf. interval]
-------------+----------------------------------------------------------------
        dudt |  -.1974336   .0351834    -5.61   0.000    -.2687889   -.1260783
       lngdp |   .0202962   .0755074     0.27   0.790      -.13284    .1734323
         lnp |   -.445184    .326376    -1.36   0.181    -1.107105    .2167373
    max_temp |  -.0018576   .0201955    -0.09   0.927     -.042816    .0391009
    min_temp |   .0310528   .0129746     2.39   0.022      .004739    .0573666
     windpow |  -.0548395   .0245979    -2.23   0.032    -.1047263   -.0049527
       _cons |   7.361186   1.481767     4.97   0.000     4.356024    10.36635
------------------------------------------------------------------------------

Absorbed degrees of freedom:
-----------------------------------------------------+
 Absorbed FE | Categories  - Redundant  = Num. Coefs |
-------------+---------------------------------------|
  monitor_id |        37          37           0    *|
          ym |        60           0          60     |
     winddir |         7           1           6     |
-----------------------------------------------------+
* = FE nested within cluster; treated as redundant for DoF computation

. est store hnhb_key_regulated

. reghdfe ln_manu_num dudt $cov if (js==1|boundary==0)&(policy_city==0), absorb(monitor_id ym winddir) cluster(monitor_id)
(MWFE estimator converged in 14 iterations)

HDFE Linear regression                            Number of obs   =      3,230
Absorbing 3 HDFE groups                           F(   6,     67) =       9.29
Statistics robust to heteroskedasticity           Prob > F        =     0.0000
                                                  R-squared       =     0.9692
                                                  Adj R-squared   =     0.9678
                                                  Within R-sq.    =     0.0316
Number of clusters (monitor_id) =         68      Root MSE        =     0.0894

                            (Std. err. adjusted for 68 clusters in monitor_id)
------------------------------------------------------------------------------
             |               Robust
 ln_manu_num | Coefficient  std. err.      t    P>|t|     [95% conf. interval]
-------------+----------------------------------------------------------------
        dudt |   .0663267    .014134     4.69   0.000     .0381151    .0945382
       lngdp |   .0009846    .072743     0.01   0.989     -.144211    .1461801
         lnp |   .5692028   .1915724     2.97   0.004     .1868226     .951583
    max_temp |  -.0018038   .0033616    -0.54   0.593    -.0085136     .004906
    min_temp |     .00308   .0040642     0.76   0.451    -.0050322    .0111921
     windpow |   .0089771   .0220864     0.41   0.686    -.0351075    .0530617
       _cons |   3.843851   .8247687     4.66   0.000     2.197606    5.490096
------------------------------------------------------------------------------

Absorbed degrees of freedom:
-----------------------------------------------------+
 Absorbed FE | Categories  - Redundant  = Num. Coefs |
-------------+---------------------------------------|
  monitor_id |        68          68           0    *|
          ym |        60           0          60     |
     winddir |        12           1          11     |
-----------------------------------------------------+
* = FE nested within cluster; treated as redundant for DoF computation

. est store js_manu

. reghdfe ln_supply_num dudt $cov if (js==1|boundary==0)&(policy_city==0), absorb(monitor_id ym winddir) cluster(monitor_id)
(MWFE estimator converged in 14 iterations)

HDFE Linear regression                            Number of obs   =      3,230
Absorbing 3 HDFE groups                           F(   6,     67) =      21.21
Statistics robust to heteroskedasticity           Prob > F        =     0.0000
                                                  R-squared       =     0.9666
                                                  Adj R-squared   =     0.9651
                                                  Within R-sq.    =     0.0934
Number of clusters (monitor_id) =         68      Root MSE        =     0.0793

                            (Std. err. adjusted for 68 clusters in monitor_id)
------------------------------------------------------------------------------
             |               Robust
ln_supply_~m | Coefficient  std. err.      t    P>|t|     [95% conf. interval]
-------------+----------------------------------------------------------------
        dudt |   .0535652   .0157227     3.41   0.001     .0221825    .0849479
       lngdp |  -.1277559    .067806    -1.88   0.064    -.2630973    .0075855
         lnp |   .1412294   .3393449     0.42   0.679    -.5361059    .8185647
    max_temp |  -.0078185   .0036771    -2.13   0.037     -.015158   -.0004789
    min_temp |   .0066333   .0055869     1.19   0.239    -.0045181    .0177847
     windpow |   .0802405   .0159466     5.03   0.000      .048411    .1120701
       _cons |   3.706585   1.271701     2.91   0.005      1.16826    6.244911
------------------------------------------------------------------------------

Absorbed degrees of freedom:
-----------------------------------------------------+
 Absorbed FE | Categories  - Redundant  = Num. Coefs |
-------------+---------------------------------------|
  monitor_id |        68          68           0    *|
          ym |        60           0          60     |
     winddir |        12           1          11     |
-----------------------------------------------------+
* = FE nested within cluster; treated as redundant for DoF computation

. est store js_supply

. reghdfe ln_key_regulated dudt $cov if (js==1|boundary==0)&(policy_city==0), absorb(monitor_id ym winddir) cluster(monitor_id)
(MWFE estimator converged in 14 iterations)

HDFE Linear regression                            Number of obs   =      3,230
Absorbing 3 HDFE groups                           F(   6,     67) =       4.75
Statistics robust to heteroskedasticity           Prob > F        =     0.0004
                                                  R-squared       =     0.9715
                                                  Adj R-squared   =     0.9701
                                                  Within R-sq.    =     0.0551
Number of clusters (monitor_id) =         68      Root MSE        =     0.0942

                            (Std. err. adjusted for 68 clusters in monitor_id)
------------------------------------------------------------------------------
             |               Robust
ln_key_reg~d | Coefficient  std. err.      t    P>|t|     [95% conf. interval]
-------------+----------------------------------------------------------------
        dudt |   .0483372   .0281414     1.72   0.090    -.0078333    .1045076
       lngdp |   .0789894   .0792854     1.00   0.323    -.0792648    .2372437
         lnp |   .6695143   .2940878     2.28   0.026     .0825126    1.256516
    max_temp |  -.0031795   .0033351    -0.95   0.344    -.0098363    .0034773
    min_temp |   .0005937   .0038886     0.15   0.879     -.007168    .0083555
     windpow |   .0303026   .0226726     1.34   0.186     -.014952    .0755573
       _cons |   2.365306   1.361942     1.74   0.087    -.3531429    5.083754
------------------------------------------------------------------------------

Absorbed degrees of freedom:
-----------------------------------------------------+
 Absorbed FE | Categories  - Redundant  = Num. Coefs |
-------------+---------------------------------------|
  monitor_id |        68          68           0    *|
          ym |        60           0          60     |
     winddir |        12           1          11     |
-----------------------------------------------------+
* = FE nested within cluster; treated as redundant for DoF computation

. est store js_key_regulated

. 
. * Regulation intensity
. use "Rep_folder\data\Shandong_sample.dta", clear

. replace city = city1
variable city was str6 now str9
(5,821 real changes made)

. merge m:1 city year using "Rep_folder\data\Government_work_report.dta", keepusing(text len huanjing huanbao wuran) nogen

    Result                      Number of obs
    -----------------------------------------
    Not matched                             0
    Matched                             5,821  
    -----------------------------------------

. cap drop post dudt

. gen post = (ym>=201703)

. gen dudt = post * boundary

. gen total_words = huanjing + huanbao + wuran

. gen total_r = (huanjing + huanbao + wuran) / len * 10000

. 
. reghdfe total_r dudt $cov if (hnhb==1|boundary==0)&(policy_city==1), absorb(monitor_id ym winddir) cluster(monitor_id)
(MWFE estimator converged in 12 iterations)

HDFE Linear regression                            Number of obs   =      1,665
Absorbing 3 HDFE groups                           F(   6,     36) =      18.88
Statistics robust to heteroskedasticity           Prob > F        =     0.0000
                                                  R-squared       =     0.5406
                                                  Adj R-squared   =     0.5087
                                                  Within R-sq.    =     0.2982
Number of clusters (monitor_id) =         37      Root MSE        =     2.9264

                            (Std. err. adjusted for 37 clusters in monitor_id)
------------------------------------------------------------------------------
             |               Robust
     total_r | Coefficient  std. err.      t    P>|t|     [95% conf. interval]
-------------+----------------------------------------------------------------
        dudt |    2.47068   2.393726     1.03   0.309     -2.38402    7.325381
       lngdp |   7.069234   1.617318     4.37   0.000     3.789161    10.34931
         lnp |  -29.41047    6.09149    -4.83   0.000    -41.76459   -17.05636
    max_temp |   .5692714   .2593846     2.19   0.035     .0432151    1.095328
    min_temp |  -.0445362    .314008    -0.14   0.888     -.681374    .5923015
     windpow |    4.07874   .7160216     5.70   0.000      2.62658    5.530899
       _cons |   80.11457   24.95918     3.21   0.003       29.495    130.7341
------------------------------------------------------------------------------

Absorbed degrees of freedom:
-----------------------------------------------------+
 Absorbed FE | Categories  - Redundant  = Num. Coefs |
-------------+---------------------------------------|
  monitor_id |        37          37           0    *|
          ym |        60           0          60     |
     winddir |         7           1           6     |
-----------------------------------------------------+
* = FE nested within cluster; treated as redundant for DoF computation

. est store hnhb_regulation

. reghdfe total_r dudt $cov if (js==1|boundary==0)&(policy_city==0), absorb(monitor_id ym winddir) cluster(monitor_id)
(MWFE estimator converged in 13 iterations)

HDFE Linear regression                            Number of obs   =      3,279
Absorbing 3 HDFE groups                           F(   6,     67) =      20.62
Statistics robust to heteroskedasticity           Prob > F        =     0.0000
                                                  R-squared       =     0.5996
                                                  Adj R-squared   =     0.5812
                                                  Within R-sq.    =     0.1223
Number of clusters (monitor_id) =         68      Root MSE        =     2.6813

                            (Std. err. adjusted for 68 clusters in monitor_id)
------------------------------------------------------------------------------
             |               Robust
     total_r | Coefficient  std. err.      t    P>|t|     [95% conf. interval]
-------------+----------------------------------------------------------------
        dudt |  -5.163335   .6235043    -8.28   0.000    -6.407854   -3.918815
       lngdp |   2.687559   2.030583     1.32   0.190    -1.365501    6.740619
         lnp |  -28.23673    6.85962    -4.12   0.000    -41.92859   -14.54487
    max_temp |   .0061165   .1198901     0.05   0.959    -.2331851    .2454181
    min_temp |  -.0378302   .1844023    -0.21   0.838    -.4058986    .3302383
     windpow |   1.705851   .6989046     2.44   0.017     .3108319    3.100871
       _cons |   114.2214   28.54168     4.00   0.000     57.25195    171.1908
------------------------------------------------------------------------------

Absorbed degrees of freedom:
-----------------------------------------------------+
 Absorbed FE | Categories  - Redundant  = Num. Coefs |
-------------+---------------------------------------|
  monitor_id |        68          68           0    *|
          ym |        60           0          60     |
     winddir |        12           1          11     |
-----------------------------------------------------+
* = FE nested within cluster; treated as redundant for DoF computation

. est store js_regulation

. 
. ** Panel A
. esttab hnhb_pollution hnhb_manu hnhb_supply hnhb_key_regulated hnhb_regulation, ///
>         mtitle se(%6.3f) b(%6.3f) ar2 keep(dudt) star(* 0.1 ** 0.05 *** 0.01)

--------------------------------------------------------------------------------------------
                      (1)             (2)             (3)             (4)             (5)   
             hnhb_pollu~n       hnhb_manu     hnhb_supply    hnhb_key_r~d    hnhb_regul~n   
--------------------------------------------------------------------------------------------
dudt               -0.060***       -0.186***       -0.071          -0.197***        2.471   
                  (0.019)         (0.034)         (0.062)         (0.035)         (2.394)   
--------------------------------------------------------------------------------------------
N                    1665            1635            1635            1635            1665   
adj. R-sq           0.924           0.940           0.863           0.916           0.509   
--------------------------------------------------------------------------------------------
Standard errors in parentheses
* p<0.1, ** p<0.05, *** p<0.01

. ** Panel B
. esttab js_pollution js_manu js_supply js_key_regulated js_regulation, ///
>         mtitle se(%6.3f) b(%6.3f) ar2 keep(dudt) star(* 0.1 ** 0.05 *** 0.01)

--------------------------------------------------------------------------------------------
                      (1)             (2)             (3)             (4)             (5)   
             js_pollution         js_manu       js_supply    js_key_reg~d    js_regulat~n   
--------------------------------------------------------------------------------------------
dudt                0.042**         0.066***        0.054***        0.048*         -5.163***
                  (0.016)         (0.014)         (0.016)         (0.028)         (0.624)   
--------------------------------------------------------------------------------------------
N                    3279            3230            3230            3230            3279   
adj. R-sq           0.899           0.968           0.965           0.970           0.581   
--------------------------------------------------------------------------------------------
Standard errors in parentheses
* p<0.1, ** p<0.05, *** p<0.01

. 
.         
. log close
      name:  <unnamed>
       log:  D:\Stata\Rep_folder\output_logs\Table9.log
  log type:  text
 closed on:  20 Feb 2024, 01:18:21
-----------------------------------------------------------------------------------------------------------------------------------------------------------------------
